%!Adobe-FontList 1.10

%BeginFont
Handler:DirectoryHandler
FontType:Invalid
OutlineFileName:C:\Code\Git\TiTs\assets\icons\\5C8C35A7.png
FileModTime:1395085126
%EndFont

%BeginFont
Handler:DirectoryHandler
FontType:Invalid
OutlineFileName:C:\Code\Git\TiTs\assets\icons\\62BB5ECD.jpg
FileModTime:1395085126
%EndFont

%BeginFont
Handler:DirectoryHandler
FontType:Invalid
OutlineFileName:C:\Code\Git\TiTs\assets\icons\\9700A571.png
FileModTime:1395085126
%EndFont

%BeginFont
Handler:DirectoryHandler
FontType:Invalid
OutlineFileName:C:\Code\Git\TiTs\assets\icons\\AA229CAE.png
FileModTime:1395085126
%EndFont

%BeginFont
Handler:DirectoryHandler
FontType:Invalid
OutlineFileName:C:\Code\Git\TiTs\assets\icons\\AA229CB2.png
FileModTime:1395085126
%EndFont

%BeginFont
Handler:DirectoryHandler
FontType:Invalid
OutlineFileName:C:\Code\Git\TiTs\assets\icons\\AA229CB3.png
FileModTime:1395085126
%EndFont

%BeginFont
Handler:DirectoryHandler
FontType:Invalid
OutlineFileName:C:\Code\Git\TiTs\assets\icons\\AA229CB4.png
FileModTime:1395085126
%EndFont

%BeginFont
Handler:DirectoryHandler
FontType:Invalid
OutlineFileName:C:\Code\Git\TiTs\assets\icons\\AA229CB5.png
FileModTime:1395085126
%EndFont

%BeginFont
Handler:DirectoryHandler
FontType:Invalid
OutlineFileName:C:\Code\Git\TiTs\assets\icons\\AA229CB6.png
FileModTime:1395085126
%EndFont

%BeginFont
Handler:DirectoryHandler
FontType:Invalid
OutlineFileName:C:\Code\Git\TiTs\assets\icons\\AA229CBC.png
FileModTime:1395085126
%EndFont

%BeginFont
Handler:DirectoryHandler
FontType:Invalid
OutlineFileName:C:\Code\Git\TiTs\assets\icons\\AA229CBD.png
FileModTime:1395085126
%EndFont

%BeginFont
Handler:DirectoryHandler
FontType:Invalid
OutlineFileName:C:\Code\Git\TiTs\assets\icons\\AA229CBE.png
FileModTime:1395085126
%EndFont

%BeginFont
Handler:DirectoryHandler
FontType:Invalid
OutlineFileName:C:\Code\Git\TiTs\assets\icons\\buttons.ai
FileModTime:1395085126
%EndFont

%BeginFont
Handler:DirectoryHandler
FontType:Invalid
OutlineFileName:C:\Code\Git\TiTs\assets\icons\\buttons.svg
FileModTime:1395085126
%EndFont

%BeginFont
Handler:DirectoryHandler
FontType:Invalid
OutlineFileName:C:\Code\Git\TiTs\assets\icons\\change_arrow.png
FileModTime:1398310286
%EndFont

%BeginFont
Handler:DirectoryHandler
FontType:Invalid
OutlineFileName:C:\Code\Git\TiTs\assets\icons\\change_arrow.svg
FileModTime:1398310286
%EndFont

%BeginFont
Handler:DirectoryHandler
FontType:Invalid
OutlineFileName:C:\Code\Git\TiTs\assets\icons\\General Perks Listing.svg
FileModTime:1398310286
%EndFont

%BeginFont
Handler:DirectoryHandler
FontType:Invalid
OutlineFileName:C:\Code\Git\TiTs\assets\icons\\levelup_arrow.png
FileModTime:1398310286
%EndFont

%BeginFont
Handler:DirectoryHandler
FontType:Invalid
OutlineFileName:C:\Code\Git\TiTs\assets\icons\\levelup_arrow.svg
FileModTime:1398310286
%EndFont

%BeginFont
Handler:DirectoryHandler
FontType:Invalid
OutlineFileName:C:\Code\Git\TiTs\assets\icons\\levelup_arrow_new.png
FileModTime:1398310286
%EndFont

%BeginFont
Handler:DirectoryHandler
FontType:Invalid
OutlineFileName:C:\Code\Git\TiTs\assets\icons\\levelup_arrow_new.svg
FileModTime:1398310286
%EndFont

%BeginFont
Handler:DirectoryHandler
FontType:Invalid
OutlineFileName:C:\Code\Git\TiTs\assets\icons\\mapicons_rev1.ai
FileModTime:1395085126
%EndFont

%BeginFont
Handler:DirectoryHandler
FontType:Invalid
OutlineFileName:C:\Code\Git\TiTs\assets\icons\\mapicons_rev1.svg
FileModTime:1395085126
%EndFont

%BeginFont
Handler:DirectoryHandler
FontType:Invalid
OutlineFileName:C:\Code\Git\TiTs\assets\icons\\TiTs Abilities & Perks v3.png
FileModTime:1398310286
%EndFont

%BeginFont
Handler:DirectoryHandler
FontType:Invalid
OutlineFileName:C:\Code\Git\TiTs\assets\icons\\TiTs Abilities & Perks.png
FileModTime:1398310286
%EndFont

%BeginFont
Handler:DirectoryHandler
FontType:Invalid
OutlineFileName:C:\Code\Git\TiTs\assets\icons\\TiTs Abilities & Perks.svg
FileModTime:1398310286
%EndFont

%BeginFont
Handler:DirectoryHandler
FontType:Invalid
OutlineFileName:C:\Code\Git\TiTs\assets\icons\\TiTS game level up attributes.png
FileModTime:1398310286
%EndFont

%BeginFont
Handler:DirectoryHandler
FontType:Invalid
OutlineFileName:C:\Code\Git\TiTs\assets\icons\\TiTS game level up attributes.svg
FileModTime:1398310286
%EndFont

%BeginFont
Handler:DirectoryHandler
FontType:Invalid
OutlineFileName:C:\Code\Git\TiTs\assets\icons\\TiTS game level up points and hotkeys.ai
FileModTime:1395085126
%EndFont

%BeginFont
Handler:DirectoryHandler
FontType:Invalid
OutlineFileName:C:\Code\Git\TiTs\assets\icons\\TiTS game level up points and hotkeys.png
FileModTime:1398310286
%EndFont

%BeginFont
Handler:DirectoryHandler
FontType:Invalid
OutlineFileName:C:\Code\Git\TiTs\assets\icons\\TiTS game level up points and hotkeys.svg
FileModTime:1395085126
%EndFont

%BeginFont
Handler:DirectoryHandler
FontType:Invalid
OutlineFileName:C:\Code\Git\TiTs\assets\icons\\TiTS game main menu.ai
FileModTime:1395085126
%EndFont

%BeginFont
Handler:DirectoryHandler
FontType:Invalid
OutlineFileName:C:\Code\Git\TiTs\assets\icons\\TiTS game main menu.png
FileModTime:1395908861
%EndFont

%BeginFont
Handler:DirectoryHandler
FontType:Invalid
OutlineFileName:C:\Code\Git\TiTs\assets\icons\\TiTS game main menu.svg
FileModTime:1395085126
%EndFont

%BeginFont
Handler:DirectoryHandler
FontType:Invalid
OutlineFileName:C:\Code\Git\TiTs\assets\icons\\TiTS game template.ai
FileModTime:1395085126
%EndFont

%BeginFont
Handler:DirectoryHandler
FontType:Invalid
OutlineFileName:C:\Code\Git\TiTs\assets\icons\\TiTS game template.svg
FileModTime:1395085126
%EndFont

%BeginFont
Handler:DirectoryHandler
FontType:Invalid
OutlineFileName:C:\Code\Git\TiTs\assets\icons\\TiTs Genperks.png
FileModTime:1398310286
%EndFont

%BeginFont
Handler:DirectoryHandler
FontType:Invalid
OutlineFileName:C:\Code\Git\TiTs\assets\icons\\TiTs New Codex.ai
FileModTime:1395908861
%EndFont

%BeginFont
Handler:DirectoryHandler
FontType:Invalid
OutlineFileName:C:\Code\Git\TiTs\assets\icons\\TiTs New Codex.png
FileModTime:1395908861
%EndFont

%BeginFont
Handler:DirectoryHandler
FontType:Invalid
OutlineFileName:C:\Code\Git\TiTs\assets\icons\\statuseffects\blind-alt.svg
FileModTime:1395085126
%EndFont

%BeginFont
Handler:DirectoryHandler
FontType:Invalid
OutlineFileName:C:\Code\Git\TiTs\assets\icons\\statuseffects\blind.svg
FileModTime:1395085126
%EndFont

%BeginFont
Handler:DirectoryHandler
FontType:Invalid
OutlineFileName:C:\Code\Git\TiTs\assets\icons\\statuseffects\blocked.svg
FileModTime:1395085126
%EndFont

%BeginFont
Handler:DirectoryHandler
FontType:Invalid
OutlineFileName:C:\Code\Git\TiTs\assets\icons\\statuseffects\charmed.svg
FileModTime:1395085126
%EndFont

%BeginFont
Handler:DirectoryHandler
FontType:Invalid
OutlineFileName:C:\Code\Git\TiTs\assets\icons\\statuseffects\confused.svg
FileModTime:1395085126
%EndFont

%BeginFont
Handler:DirectoryHandler
FontType:Invalid
OutlineFileName:C:\Code\Git\TiTs\assets\icons\\statuseffects\constricted.svg
FileModTime:1395085126
%EndFont

%BeginFont
Handler:DirectoryHandler
FontType:Invalid
OutlineFileName:C:\Code\Git\TiTs\assets\icons\\statuseffects\crying.svg
FileModTime:1395085126
%EndFont

%BeginFont
Handler:DirectoryHandler
FontType:Invalid
OutlineFileName:C:\Code\Git\TiTs\assets\icons\\statuseffects\def-down.svg
FileModTime:1395085126
%EndFont

%BeginFont
Handler:DirectoryHandler
FontType:Invalid
OutlineFileName:C:\Code\Git\TiTs\assets\icons\\statuseffects\def-up.svg
FileModTime:1395085126
%EndFont

%BeginFont
Handler:DirectoryHandler
FontType:Invalid
OutlineFileName:C:\Code\Git\TiTs\assets\icons\\statuseffects\dizzy_drunk.svg
FileModTime:1395085126
%EndFont

%BeginFont
Handler:DirectoryHandler
FontType:Invalid
OutlineFileName:C:\Code\Git\TiTs\assets\icons\\statuseffects\drug-pill.svg
FileModTime:1395085126
%EndFont

%BeginFont
Handler:DirectoryHandler
FontType:Invalid
OutlineFileName:C:\Code\Git\TiTs\assets\icons\\statuseffects\drug-vial.svg
FileModTime:1395085126
%EndFont

%BeginFont
Handler:DirectoryHandler
FontType:Invalid
OutlineFileName:C:\Code\Git\TiTs\assets\icons\\statuseffects\haste.svg
FileModTime:1395085126
%EndFont

%BeginFont
Handler:DirectoryHandler
FontType:Invalid
OutlineFileName:C:\Code\Git\TiTs\assets\icons\\statuseffects\lust-down.svg
FileModTime:1395085126
%EndFont

%BeginFont
Handler:DirectoryHandler
FontType:Invalid
OutlineFileName:C:\Code\Git\TiTs\assets\icons\\statuseffects\lust-up.svg
FileModTime:1395085126
%EndFont

%BeginFont
Handler:DirectoryHandler
FontType:Invalid
OutlineFileName:C:\Code\Git\TiTs\assets\icons\\statuseffects\mindcontrolled_mindbroke.svg
FileModTime:1395085126
%EndFont

%BeginFont
Handler:DirectoryHandler
FontType:Invalid
OutlineFileName:C:\Code\Git\TiTs\assets\icons\\statuseffects\missing.svg
FileModTime:1395085126
%EndFont

%BeginFont
Handler:DirectoryHandler
FontType:Invalid
OutlineFileName:C:\Code\Git\TiTs\assets\icons\\statuseffects\missing_r.svg
FileModTime:1395085126
%EndFont

%BeginFont
Handler:DirectoryHandler
FontType:Invalid
OutlineFileName:C:\Code\Git\TiTs\assets\icons\\statuseffects\off-down.svg
FileModTime:1395085126
%EndFont

%BeginFont
Handler:DirectoryHandler
FontType:Invalid
OutlineFileName:C:\Code\Git\TiTs\assets\icons\\statuseffects\off-up.svg
FileModTime:1395085126
%EndFont

%BeginFont
Handler:DirectoryHandler
FontType:Invalid
OutlineFileName:C:\Code\Git\TiTs\assets\icons\\statuseffects\paralysis.svg
FileModTime:1395085126
%EndFont

%BeginFont
Handler:DirectoryHandler
FontType:Invalid
OutlineFileName:C:\Code\Git\TiTs\assets\icons\\statuseffects\poison.svg
FileModTime:1395085126
%EndFont

%BeginFont
Handler:DirectoryHandler
FontType:Invalid
OutlineFileName:C:\Code\Git\TiTs\assets\icons\\statuseffects\radiosignal.svg
FileModTime:1395085126
%EndFont

%BeginFont
Handler:DirectoryHandler
FontType:Invalid
OutlineFileName:C:\Code\Git\TiTs\assets\icons\\statuseffects\silence.svg
FileModTime:1395085126
%EndFont

%BeginFont
Handler:DirectoryHandler
FontType:Invalid
OutlineFileName:C:\Code\Git\TiTs\assets\icons\\statuseffects\slow.svg
FileModTime:1395085126
%EndFont

%BeginFont
Handler:DirectoryHandler
FontType:Invalid
OutlineFileName:C:\Code\Git\TiTs\assets\icons\\statuseffects\smelly.svg
FileModTime:1395085126
%EndFont

%BeginFont
Handler:DirectoryHandler
FontType:Invalid
OutlineFileName:C:\Code\Git\TiTs\assets\icons\\statuseffects\unknown.svg
FileModTime:1395085126
%EndFont

%BeginFont
Handler:DirectoryHandler
FontType:Invalid
OutlineFileName:C:\Code\Git\TiTs\assets\icons\\map\map_bar.svg
FileModTime:1395085126
%EndFont

%BeginFont
Handler:DirectoryHandler
FontType:Invalid
OutlineFileName:C:\Code\Git\TiTs\assets\icons\\map\map_commerce.svg
FileModTime:1395085126
%EndFont

%BeginFont
Handler:DirectoryHandler
FontType:Invalid
OutlineFileName:C:\Code\Git\TiTs\assets\icons\\map\map_down.svg
FileModTime:1395085126
%EndFont

%BeginFont
Handler:DirectoryHandler
FontType:Invalid
OutlineFileName:C:\Code\Git\TiTs\assets\icons\\map\map_hazard.svg
FileModTime:1395085126
%EndFont

%BeginFont
Handler:DirectoryHandler
FontType:Invalid
OutlineFileName:C:\Code\Git\TiTs\assets\icons\\map\map_lock.svg
FileModTime:1395085126
%EndFont

%BeginFont
Handler:DirectoryHandler
FontType:Invalid
OutlineFileName:C:\Code\Git\TiTs\assets\icons\\map\map_medical.svg
FileModTime:1395085126
%EndFont

%BeginFont
Handler:DirectoryHandler
FontType:Invalid
OutlineFileName:C:\Code\Git\TiTs\assets\icons\\map\map_npc.svg
FileModTime:1395085126
%EndFont

%BeginFont
Handler:DirectoryHandler
FontType:Invalid
OutlineFileName:C:\Code\Git\TiTs\assets\icons\\map\map_objective.svg
FileModTime:1395085126
%EndFont

%BeginFont
Handler:DirectoryHandler
FontType:Invalid
OutlineFileName:C:\Code\Git\TiTs\assets\icons\\map\map_oneway.svg
FileModTime:1395085126
%EndFont

%BeginFont
Handler:DirectoryHandler
FontType:Invalid
OutlineFileName:C:\Code\Git\TiTs\assets\icons\\map\map_oneway_invert.svg
FileModTime:1395085126
%EndFont

%BeginFont
Handler:DirectoryHandler
FontType:Invalid
OutlineFileName:C:\Code\Git\TiTs\assets\icons\\map\map_passage.svg
FileModTime:1395085126
%EndFont

%BeginFont
Handler:DirectoryHandler
FontType:Invalid
OutlineFileName:C:\Code\Git\TiTs\assets\icons\\map\map_quest.svg
FileModTime:1395085126
%EndFont

%BeginFont
Handler:DirectoryHandler
FontType:Invalid
OutlineFileName:C:\Code\Git\TiTs\assets\icons\\map\map_ship.svg
FileModTime:1395085126
%EndFont

%BeginFont
Handler:DirectoryHandler
FontType:Invalid
OutlineFileName:C:\Code\Git\TiTs\assets\icons\\map\map_up.svg
FileModTime:1395085126
%EndFont

%BeginFont
Handler:DirectoryHandler
FontType:Invalid
OutlineFileName:C:\Code\Git\TiTs\assets\icons\\buttons\appearance.svg
FileModTime:1395085126
%EndFont

%BeginFont
Handler:DirectoryHandler
FontType:Invalid
OutlineFileName:C:\Code\Git\TiTs\assets\icons\\buttons\buttonPageNext.svg
FileModTime:1395085126
%EndFont

%BeginFont
Handler:DirectoryHandler
FontType:Invalid
OutlineFileName:C:\Code\Git\TiTs\assets\icons\\buttons\buttonPagePrev.svg
FileModTime:1395085126
%EndFont

%BeginFont
Handler:DirectoryHandler
FontType:Invalid
OutlineFileName:C:\Code\Git\TiTs\assets\icons\\buttons\data.svg
FileModTime:1395085126
%EndFont

%BeginFont
Handler:DirectoryHandler
FontType:Invalid
OutlineFileName:C:\Code\Git\TiTs\assets\icons\\buttons\levelUp.svg
FileModTime:1395085126
%EndFont

%BeginFont
Handler:DirectoryHandler
FontType:Invalid
OutlineFileName:C:\Code\Git\TiTs\assets\icons\\buttons\mainButton.svg
FileModTime:1395085126
%EndFont

%BeginFont
Handler:DirectoryHandler
FontType:Invalid
OutlineFileName:C:\Code\Git\TiTs\assets\icons\\buttons\mainmenu.svg
FileModTime:1395085126
%EndFont

%BeginFont
Handler:DirectoryHandler
FontType:Invalid
OutlineFileName:C:\Code\Git\TiTs\assets\icons\\buttons\perks.svg
FileModTime:1395085126
%EndFont

%BeginFont
Handler:DirectoryHandler
FontType:Invalid
OutlineFileName:C:\Code\Git\TiTs\assets\icons\\buttons\quicksave.svg
FileModTime:1395085126
%EndFont

%BeginFont
Handler:DirectoryHandler
FontType:Invalid
OutlineFileName:C:\Code\Git\TiTs\assets\icons\\buttons\stats.svg
FileModTime:1395085126
%EndFont

%BeginFont
Handler:DirectoryHandler
FontType:Invalid
OutlineFileName:C:\Code\Git\TiTs\assets\icons\\buttons\textPageNext.svg
FileModTime:1395085126
%EndFont

%BeginFont
Handler:DirectoryHandler
FontType:Invalid
OutlineFileName:C:\Code\Git\TiTs\assets\icons\\buttons\textPagePrev.svg
FileModTime:1395085126
%EndFont

%BeginFont
Handler:DirectoryHandler
FontType:Invalid
OutlineFileName:C:\Code\Git\TiTs\assets\icons\\5C8C35A7.png
FileModTime:1395085126
%EndFont

%BeginFont
Handler:DirectoryHandler
FontType:Invalid
OutlineFileName:C:\Code\Git\TiTs\assets\icons\\62BB5ECD.jpg
FileModTime:1395085126
%EndFont

%BeginFont
Handler:DirectoryHandler
FontType:Invalid
OutlineFileName:C:\Code\Git\TiTs\assets\icons\\9700A571.png
FileModTime:1395085126
%EndFont

%BeginFont
Handler:DirectoryHandler
FontType:Invalid
OutlineFileName:C:\Code\Git\TiTs\assets\icons\\AA229CAE.png
FileModTime:1395085126
%EndFont

%BeginFont
Handler:DirectoryHandler
FontType:Invalid
OutlineFileName:C:\Code\Git\TiTs\assets\icons\\AA229CB2.png
FileModTime:1395085126
%EndFont

%BeginFont
Handler:DirectoryHandler
FontType:Invalid
OutlineFileName:C:\Code\Git\TiTs\assets\icons\\AA229CB3.png
FileModTime:1395085126
%EndFont

%BeginFont
Handler:DirectoryHandler
FontType:Invalid
OutlineFileName:C:\Code\Git\TiTs\assets\icons\\AA229CB4.png
FileModTime:1395085126
%EndFont

%BeginFont
Handler:DirectoryHandler
FontType:Invalid
OutlineFileName:C:\Code\Git\TiTs\assets\icons\\AA229CB5.png
FileModTime:1395085126
%EndFont

%BeginFont
Handler:DirectoryHandler
FontType:Invalid
OutlineFileName:C:\Code\Git\TiTs\assets\icons\\AA229CB6.png
FileModTime:1395085126
%EndFont

%BeginFont
Handler:DirectoryHandler
FontType:Invalid
OutlineFileName:C:\Code\Git\TiTs\assets\icons\\AA229CBC.png
FileModTime:1395085126
%EndFont

%BeginFont
Handler:DirectoryHandler
FontType:Invalid
OutlineFileName:C:\Code\Git\TiTs\assets\icons\\AA229CBD.png
FileModTime:1395085126
%EndFont

%BeginFont
Handler:DirectoryHandler
FontType:Invalid
OutlineFileName:C:\Code\Git\TiTs\assets\icons\\AA229CBE.png
FileModTime:1395085126
%EndFont

%BeginFont
Handler:DirectoryHandler
FontType:Invalid
OutlineFileName:C:\Code\Git\TiTs\assets\icons\\buttons.ai
FileModTime:1395085126
%EndFont

%BeginFont
Handler:DirectoryHandler
FontType:Invalid
OutlineFileName:C:\Code\Git\TiTs\assets\icons\\buttons.svg
FileModTime:1395085126
%EndFont

%BeginFont
Handler:DirectoryHandler
FontType:Invalid
OutlineFileName:C:\Code\Git\TiTs\assets\icons\\change_arrow.png
FileModTime:1398310286
%EndFont

%BeginFont
Handler:DirectoryHandler
FontType:Invalid
OutlineFileName:C:\Code\Git\TiTs\assets\icons\\change_arrow.svg
FileModTime:1398310286
%EndFont

%BeginFont
Handler:DirectoryHandler
FontType:Invalid
OutlineFileName:C:\Code\Git\TiTs\assets\icons\\General Perks Listing.svg
FileModTime:1398310286
%EndFont

%BeginFont
Handler:DirectoryHandler
FontType:Invalid
OutlineFileName:C:\Code\Git\TiTs\assets\icons\\levelup_arrow.png
FileModTime:1398310286
%EndFont

%BeginFont
Handler:DirectoryHandler
FontType:Invalid
OutlineFileName:C:\Code\Git\TiTs\assets\icons\\levelup_arrow.svg
FileModTime:1398310286
%EndFont

%BeginFont
Handler:DirectoryHandler
FontType:Invalid
OutlineFileName:C:\Code\Git\TiTs\assets\icons\\levelup_arrow_new.png
FileModTime:1398310286
%EndFont

%BeginFont
Handler:DirectoryHandler
FontType:Invalid
OutlineFileName:C:\Code\Git\TiTs\assets\icons\\levelup_arrow_new.svg
FileModTime:1398310286
%EndFont

%BeginFont
Handler:DirectoryHandler
FontType:Invalid
OutlineFileName:C:\Code\Git\TiTs\assets\icons\\mapicons_rev1.ai
FileModTime:1395085126
%EndFont

%BeginFont
Handler:DirectoryHandler
FontType:Invalid
OutlineFileName:C:\Code\Git\TiTs\assets\icons\\mapicons_rev1.svg
FileModTime:1395085126
%EndFont

%BeginFont
Handler:DirectoryHandler
FontType:Invalid
OutlineFileName:C:\Code\Git\TiTs\assets\icons\\TiTs Abilities & Perks v3.png
FileModTime:1398310286
%EndFont

%BeginFont
Handler:DirectoryHandler
FontType:Invalid
OutlineFileName:C:\Code\Git\TiTs\assets\icons\\TiTs Abilities & Perks.png
FileModTime:1398310286
%EndFont

%BeginFont
Handler:DirectoryHandler
FontType:Invalid
OutlineFileName:C:\Code\Git\TiTs\assets\icons\\TiTs Abilities & Perks.svg
FileModTime:1398310286
%EndFont

%BeginFont
Handler:DirectoryHandler
FontType:Invalid
OutlineFileName:C:\Code\Git\TiTs\assets\icons\\TiTS game level up attributes.png
FileModTime:1398310286
%EndFont

%BeginFont
Handler:DirectoryHandler
FontType:Invalid
OutlineFileName:C:\Code\Git\TiTs\assets\icons\\TiTS game level up attributes.svg
FileModTime:1398310286
%EndFont

%BeginFont
Handler:DirectoryHandler
FontType:Invalid
OutlineFileName:C:\Code\Git\TiTs\assets\icons\\TiTS game level up points and hotkeys.ai
FileModTime:1395085126
%EndFont

%BeginFont
Handler:DirectoryHandler
FontType:Invalid
OutlineFileName:C:\Code\Git\TiTs\assets\icons\\TiTS game level up points and hotkeys.png
FileModTime:1398310286
%EndFont

%BeginFont
Handler:DirectoryHandler
FontType:Invalid
OutlineFileName:C:\Code\Git\TiTs\assets\icons\\TiTS game level up points and hotkeys.svg
FileModTime:1395085126
%EndFont

%BeginFont
Handler:DirectoryHandler
FontType:Invalid
OutlineFileName:C:\Code\Git\TiTs\assets\icons\\TiTS game main menu.ai
FileModTime:1395085126
%EndFont

%BeginFont
Handler:DirectoryHandler
FontType:Invalid
OutlineFileName:C:\Code\Git\TiTs\assets\icons\\TiTS game main menu.png
FileModTime:1395908861
%EndFont

%BeginFont
Handler:DirectoryHandler
FontType:Invalid
OutlineFileName:C:\Code\Git\TiTs\assets\icons\\TiTS game main menu.svg
FileModTime:1395085126
%EndFont

%BeginFont
Handler:DirectoryHandler
FontType:Invalid
OutlineFileName:C:\Code\Git\TiTs\assets\icons\\TiTS game template.ai
FileModTime:1395085126
%EndFont

%BeginFont
Handler:DirectoryHandler
FontType:Invalid
OutlineFileName:C:\Code\Git\TiTs\assets\icons\\TiTS game template.svg
FileModTime:1395085126
%EndFont

%BeginFont
Handler:DirectoryHandler
FontType:Invalid
OutlineFileName:C:\Code\Git\TiTs\assets\icons\\TiTs Genperks.png
FileModTime:1398310286
%EndFont

%BeginFont
Handler:DirectoryHandler
FontType:Invalid
OutlineFileName:C:\Code\Git\TiTs\assets\icons\\TiTs New Codex.ai
FileModTime:1395908861
%EndFont

%BeginFont
Handler:DirectoryHandler
FontType:Invalid
OutlineFileName:C:\Code\Git\TiTs\assets\icons\\TiTs New Codex.png
FileModTime:1395908861
%EndFont

%BeginFont
Handler:DirectoryHandler
FontType:Invalid
OutlineFileName:C:\Code\Git\TiTs\assets\icons\\statuseffects\blind-alt.svg
FileModTime:1395085126
%EndFont

%BeginFont
Handler:DirectoryHandler
FontType:Invalid
OutlineFileName:C:\Code\Git\TiTs\assets\icons\\statuseffects\blind.svg
FileModTime:1395085126
%EndFont

%BeginFont
Handler:DirectoryHandler
FontType:Invalid
OutlineFileName:C:\Code\Git\TiTs\assets\icons\\statuseffects\blocked.svg
FileModTime:1395085126
%EndFont

%BeginFont
Handler:DirectoryHandler
FontType:Invalid
OutlineFileName:C:\Code\Git\TiTs\assets\icons\\statuseffects\charmed.svg
FileModTime:1395085126
%EndFont

%BeginFont
Handler:DirectoryHandler
FontType:Invalid
OutlineFileName:C:\Code\Git\TiTs\assets\icons\\statuseffects\confused.svg
FileModTime:1395085126
%EndFont

%BeginFont
Handler:DirectoryHandler
FontType:Invalid
OutlineFileName:C:\Code\Git\TiTs\assets\icons\\statuseffects\constricted.svg
FileModTime:1395085126
%EndFont

%BeginFont
Handler:DirectoryHandler
FontType:Invalid
OutlineFileName:C:\Code\Git\TiTs\assets\icons\\statuseffects\crying.svg
FileModTime:1395085126
%EndFont

%BeginFont
Handler:DirectoryHandler
FontType:Invalid
OutlineFileName:C:\Code\Git\TiTs\assets\icons\\statuseffects\def-down.svg
FileModTime:1395085126
%EndFont

%BeginFont
Handler:DirectoryHandler
FontType:Invalid
OutlineFileName:C:\Code\Git\TiTs\assets\icons\\statuseffects\def-up.svg
FileModTime:1395085126
%EndFont

%BeginFont
Handler:DirectoryHandler
FontType:Invalid
OutlineFileName:C:\Code\Git\TiTs\assets\icons\\statuseffects\dizzy_drunk.svg
FileModTime:1395085126
%EndFont

%BeginFont
Handler:DirectoryHandler
FontType:Invalid
OutlineFileName:C:\Code\Git\TiTs\assets\icons\\statuseffects\drug-pill.svg
FileModTime:1395085126
%EndFont

%BeginFont
Handler:DirectoryHandler
FontType:Invalid
OutlineFileName:C:\Code\Git\TiTs\assets\icons\\statuseffects\drug-vial.svg
FileModTime:1395085126
%EndFont

%BeginFont
Handler:DirectoryHandler
FontType:Invalid
OutlineFileName:C:\Code\Git\TiTs\assets\icons\\statuseffects\haste.svg
FileModTime:1395085126
%EndFont

%BeginFont
Handler:DirectoryHandler
FontType:Invalid
OutlineFileName:C:\Code\Git\TiTs\assets\icons\\statuseffects\lust-down.svg
FileModTime:1395085126
%EndFont

%BeginFont
Handler:DirectoryHandler
FontType:Invalid
OutlineFileName:C:\Code\Git\TiTs\assets\icons\\statuseffects\lust-up.svg
FileModTime:1395085126
%EndFont

%BeginFont
Handler:DirectoryHandler
FontType:Invalid
OutlineFileName:C:\Code\Git\TiTs\assets\icons\\statuseffects\mindcontrolled_mindbroke.svg
FileModTime:1395085126
%EndFont

%BeginFont
Handler:DirectoryHandler
FontType:Invalid
OutlineFileName:C:\Code\Git\TiTs\assets\icons\\statuseffects\missing.svg
FileModTime:1395085126
%EndFont

%BeginFont
Handler:DirectoryHandler
FontType:Invalid
OutlineFileName:C:\Code\Git\TiTs\assets\icons\\statuseffects\missing_r.svg
FileModTime:1395085126
%EndFont

%BeginFont
Handler:DirectoryHandler
FontType:Invalid
OutlineFileName:C:\Code\Git\TiTs\assets\icons\\statuseffects\off-down.svg
FileModTime:1395085126
%EndFont

%BeginFont
Handler:DirectoryHandler
FontType:Invalid
OutlineFileName:C:\Code\Git\TiTs\assets\icons\\statuseffects\off-up.svg
FileModTime:1395085126
%EndFont

%BeginFont
Handler:DirectoryHandler
FontType:Invalid
OutlineFileName:C:\Code\Git\TiTs\assets\icons\\statuseffects\paralysis.svg
FileModTime:1395085126
%EndFont

%BeginFont
Handler:DirectoryHandler
FontType:Invalid
OutlineFileName:C:\Code\Git\TiTs\assets\icons\\statuseffects\poison.svg
FileModTime:1395085126
%EndFont

%BeginFont
Handler:DirectoryHandler
FontType:Invalid
OutlineFileName:C:\Code\Git\TiTs\assets\icons\\statuseffects\radiosignal.svg
FileModTime:1395085126
%EndFont

%BeginFont
Handler:DirectoryHandler
FontType:Invalid
OutlineFileName:C:\Code\Git\TiTs\assets\icons\\statuseffects\silence.svg
FileModTime:1395085126
%EndFont

%BeginFont
Handler:DirectoryHandler
FontType:Invalid
OutlineFileName:C:\Code\Git\TiTs\assets\icons\\statuseffects\slow.svg
FileModTime:1395085126
%EndFont

%BeginFont
Handler:DirectoryHandler
FontType:Invalid
OutlineFileName:C:\Code\Git\TiTs\assets\icons\\statuseffects\smelly.svg
FileModTime:1395085126
%EndFont

%BeginFont
Handler:DirectoryHandler
FontType:Invalid
OutlineFileName:C:\Code\Git\TiTs\assets\icons\\statuseffects\unknown.svg
FileModTime:1395085126
%EndFont

%BeginFont
Handler:DirectoryHandler
FontType:Invalid
OutlineFileName:C:\Code\Git\TiTs\assets\icons\\map\map_bar.svg
FileModTime:1395085126
%EndFont

%BeginFont
Handler:DirectoryHandler
FontType:Invalid
OutlineFileName:C:\Code\Git\TiTs\assets\icons\\map\map_commerce.svg
FileModTime:1395085126
%EndFont

%BeginFont
Handler:DirectoryHandler
FontType:Invalid
OutlineFileName:C:\Code\Git\TiTs\assets\icons\\map\map_down.svg
FileModTime:1395085126
%EndFont

%BeginFont
Handler:DirectoryHandler
FontType:Invalid
OutlineFileName:C:\Code\Git\TiTs\assets\icons\\map\map_hazard.svg
FileModTime:1395085126
%EndFont

%BeginFont
Handler:DirectoryHandler
FontType:Invalid
OutlineFileName:C:\Code\Git\TiTs\assets\icons\\map\map_lock.svg
FileModTime:1395085126
%EndFont

%BeginFont
Handler:DirectoryHandler
FontType:Invalid
OutlineFileName:C:\Code\Git\TiTs\assets\icons\\map\map_medical.svg
FileModTime:1395085126
%EndFont

%BeginFont
Handler:DirectoryHandler
FontType:Invalid
OutlineFileName:C:\Code\Git\TiTs\assets\icons\\map\map_npc.svg
FileModTime:1395085126
%EndFont

%BeginFont
Handler:DirectoryHandler
FontType:Invalid
OutlineFileName:C:\Code\Git\TiTs\assets\icons\\map\map_objective.svg
FileModTime:1395085126
%EndFont

%BeginFont
Handler:DirectoryHandler
FontType:Invalid
OutlineFileName:C:\Code\Git\TiTs\assets\icons\\map\map_oneway.svg
FileModTime:1395085126
%EndFont

%BeginFont
Handler:DirectoryHandler
FontType:Invalid
OutlineFileName:C:\Code\Git\TiTs\assets\icons\\map\map_oneway_invert.svg
FileModTime:1395085126
%EndFont

%BeginFont
Handler:DirectoryHandler
FontType:Invalid
OutlineFileName:C:\Code\Git\TiTs\assets\icons\\map\map_passage.svg
FileModTime:1395085126
%EndFont

%BeginFont
Handler:DirectoryHandler
FontType:Invalid
OutlineFileName:C:\Code\Git\TiTs\assets\icons\\map\map_quest.svg
FileModTime:1395085126
%EndFont

%BeginFont
Handler:DirectoryHandler
FontType:Invalid
OutlineFileName:C:\Code\Git\TiTs\assets\icons\\map\map_ship.svg
FileModTime:1395085126
%EndFont

%BeginFont
Handler:DirectoryHandler
FontType:Invalid
OutlineFileName:C:\Code\Git\TiTs\assets\icons\\map\map_up.svg
FileModTime:1395085126
%EndFont

%BeginFont
Handler:DirectoryHandler
FontType:Invalid
OutlineFileName:C:\Code\Git\TiTs\assets\icons\\buttons\appearance.svg
FileModTime:1395085126
%EndFont

%BeginFont
Handler:DirectoryHandler
FontType:Invalid
OutlineFileName:C:\Code\Git\TiTs\assets\icons\\buttons\buttonPageNext.svg
FileModTime:1395085126
%EndFont

%BeginFont
Handler:DirectoryHandler
FontType:Invalid
OutlineFileName:C:\Code\Git\TiTs\assets\icons\\buttons\buttonPagePrev.svg
FileModTime:1395085126
%EndFont

%BeginFont
Handler:DirectoryHandler
FontType:Invalid
OutlineFileName:C:\Code\Git\TiTs\assets\icons\\buttons\data.svg
FileModTime:1395085126
%EndFont

%BeginFont
Handler:DirectoryHandler
FontType:Invalid
OutlineFileName:C:\Code\Git\TiTs\assets\icons\\buttons\levelUp.svg
FileModTime:1395085126
%EndFont

%BeginFont
Handler:DirectoryHandler
FontType:Invalid
OutlineFileName:C:\Code\Git\TiTs\assets\icons\\buttons\mainButton.svg
FileModTime:1395085126
%EndFont

%BeginFont
Handler:DirectoryHandler
FontType:Invalid
OutlineFileName:C:\Code\Git\TiTs\assets\icons\\buttons\mainmenu.svg
FileModTime:1395085126
%EndFont

%BeginFont
Handler:DirectoryHandler
FontType:Invalid
OutlineFileName:C:\Code\Git\TiTs\assets\icons\\buttons\perks.svg
FileModTime:1395085126
%EndFont

%BeginFont
Handler:DirectoryHandler
FontType:Invalid
OutlineFileName:C:\Code\Git\TiTs\assets\icons\\buttons\quicksave.svg
FileModTime:1395085126
%EndFont

%BeginFont
Handler:DirectoryHandler
FontType:Invalid
OutlineFileName:C:\Code\Git\TiTs\assets\icons\\buttons\stats.svg
FileModTime:1395085126
%EndFont

%BeginFont
Handler:DirectoryHandler
FontType:Invalid
OutlineFileName:C:\Code\Git\TiTs\assets\icons\\buttons\textPageNext.svg
FileModTime:1395085126
%EndFont

%BeginFont
Handler:DirectoryHandler
FontType:Invalid
OutlineFileName:C:\Code\Git\TiTs\assets\icons\\buttons\textPagePrev.svg
FileModTime:1395085126
%EndFont

